// Jest Snapshot v1, https://goo.gl/fbAQLP

exports[`renders correctly 1`] = `
<div
  className="MuiPaper-root-1 MuiPaper-elevation3-6 MuiPaper-rounded-2 sc-bdVaJa ejWOPl"
/>
`;
